(node:20716) [MODULE_TYPELESS_PACKAGE_JSON] Warning: Module type of file:///D:/api/server/index.js is not specified and it doesn't parse as CommonJS.
Reparsing as ES module because module syntax was detected. This incurs a performance overhead.
To eliminate this warning, add "type": "module" to D:\api\package.json.
(Use `node --trace-warnings ...` to show where the warning was created)
[cluster] control channel on :4199
API on http://localhost:4000
DB already has 100000 users (skipped seeding).
[worker-4100] (node:14160) [MODULE_TYPELESS_PACKAGE_JSON] Warning: Module type of file:///D:/api/server/index.js is not specified and it doesn't parse as CommonJS.
Reparsing as ES module because module syntax was detected. This incurs a performance overhead.
To eliminate this warning, add "type": "module" to D:\api\package.json.
(Use `node --trace-warnings ...` to show where the warning was created)
[worker-4101] (node:3900) [MODULE_TYPELESS_PACKAGE_JSON] Warning: Module type of file:///D:/api/server/index.js is not specified and it doesn't parse as CommonJS.
Reparsing as ES module because module syntax was detected. This incurs a performance overhead.
To eliminate this warning, add "type": "module" to D:\api\package.json.
(Use `node --trace-warnings ...` to show where the warning was created)
[worker-4102] (node:5360) [MODULE_TYPELESS_PACKAGE_JSON] Warning: Module type of file:///D:/api/server/index.js is not specified and it doesn't parse as CommonJS.
Reparsing as ES module because module syntax was detected. This incurs a performance overhead.
To eliminate this warning, add "type": "module" to D:\api\package.json.
(Use `node --trace-warnings ...` to show where the warning was created)
[worker-4103] (node:22472) [MODULE_TYPELESS_PACKAGE_JSON] Warning: Module type of file:///D:/api/server/index.js is not specified and it doesn't parse as CommonJS.
Reparsing as ES module because module syntax was detected. This incurs a performance overhead.
To eliminate this warning, add "type": "module" to D:\api\package.json.
(Use `node --trace-warnings ...` to show where the warning was created)
[cluster] ON — 4 workers on ports 4100, 4101, 4102, 4103, round-robin on :4000
[worker-4101] [loadgen-0] (node:20728) [MODULE_TYPELESS_PACKAGE_JSON] Warning: Module type of file:///D:/api/server/loadgen-child.js is not specified and it doesn't parse as CommonJS.
Reparsing as ES module because module syntax was detected. This incurs a performance overhead.
To eliminate this warning, add "type": "module" to D:\api\package.json.
(Use `node --trace-warnings ...` to show where the warning was created)
[worker-4101] [loadgen-1] (node:23232) [MODULE_TYPELESS_PACKAGE_JSON] Warning: Module type of file:///D:/api/server/loadgen-child.js is not specified and it doesn't parse as CommonJS.
Reparsing as ES module because module syntax was detected. This incurs a performance overhead.
To eliminate this warning, add "type": "module" to D:\api\package.json.
(Use `node --trace-warnings ...` to show where the warning was created)
